---
source: fuel-client/src/client/schema/balance.rs
assertion_line: 137
expression: operation.query

---
query Query($_0: BalanceFilterInput!, $_1: Int, $_2: String, $_3: Int, $_4: String) {
  balances(filter: $_0, first: $_1, after: $_2, last: $_3, before: $_4) {
    edges {
      cursor
      node {
        owner
        amount
        assetId
      }
    }
    pageInfo {
      endCursor
      hasNextPage
      hasPreviousPage
      startCursor
    }
  }
}

