---
source: crates/client/src/client/schema/coins.rs
expression: operation.query
---
query($filter: CoinFilterInput!, $after: String, $before: String, $first: Int, $last: Int) {
  coins(filter: $filter, after: $after, before: $before, first: $first, last: $last) {
    edges {
      cursor
      node {
        amount
        blockCreated
        txCreatedIdx
        assetId
        utxoId
        owner
      }
    }
    pageInfo {
      endCursor
      hasNextPage
      hasPreviousPage
      startCursor
    }
  }
}
