---
source: crates/client/src/client/schema/balance.rs
expression: operation.query
---
query BalancesQuery($filter: BalanceFilterInput!, $after: String, $before: String, $first: Int, $last: Int) {
  balances(filter: $filter, after: $after, before: $before, first: $first, last: $last) {
    edges {
      cursor
      node {
        owner
        amount
        assetId
      }
    }
    pageInfo {
      endCursor
      hasNextPage
      hasPreviousPage
      startCursor
    }
  }
}
