---
source: crates/client/src/client/schema/block.rs
expression: operation.query
---
query($id: BlockId) {
  block(id: $id) {
    id
    header {
      id
      daHeight
      transactionsCount
      messageReceiptCount
      transactionsRoot
      messageReceiptRoot
      height
      prevRoot
      time
      applicationHash
    }
    consensus {
      __typename
      ... on Genesis {
        chainConfigHash
        coinsRoot
        contractsRoot
        messagesRoot
      }
      ... on PoAConsensus {
        signature
      }
    }
    transactions {
      id
    }
  }
}


