---
source: fuel-client/src/client/schema/chain.rs
assertion_line: 26
expression: operation.query

---
query Query {
  chain {
    baseChainHeight
    name
    peerCount
    latestBlock {
      height
      id
      time
      producer
      transactions {
        rawPayload
        receipts {
          rawPayload
        }
        status {
          __typename
          ... on SubmittedStatus {
            time
          }
          ... on SuccessStatus {
            blockId
            time
            programState {
              returnType
              data
            }
          }
          ... on FailureStatus {
            blockId
            time
            reason
            programState {
              returnType
              data
            }
          }
        }
      }
    }
  }
}

