---
source: fuel-client/src/client/schema/block.rs
expression: operation.query
---
query($id: BlockId!) {
  block(id: $id) {
    id
    header {
      id
      daHeight
      transactionsCount
      outputMessagesCount
      transactionsRoot
      outputMessagesRoot
      height
      prevRoot
      time
      applicationHash
    }
    consensus {
      __typename
      ... on PoAConsensus {
        signature
      }
    }
    transactions {
      id
    }
  }
}


