---
source: fuel-client/src/client/schema/tx.rs
expression: operation.query
---
query Query($_0: Address!, $_1: Int, $_2: String, $_3: Int, $_4: String) {
  transactionsByOwner(owner: $_0, first: $_1, after: $_2, last: $_3, before: $_4) {
    edges {
      cursor
      node {
        rawPayload
        receipts {
          rawPayload
        }
        status {
          __typename
          ... on SubmittedStatus {
            time
          }
          ... on SuccessStatus {
            block {
              id
            }
            time
            programState {
              returnType
              data
            }
          }
          ... on SqueezedOutStatus {
            reason
          }
          ... on FailureStatus {
            block {
              id
            }
            time
            reason
            programState {
              returnType
              data
            }
          }
        }
      }
    }
    pageInfo {
      endCursor
      hasNextPage
      hasPreviousPage
      startCursor
    }
  }
}

