---
source: fuel-client/src/client/schema/coin.rs
assertion_line: 195
expression: operation.query

---
query Query($_0: CoinFilterInput!, $_1: Int, $_2: String, $_3: Int, $_4: String) {
  coins(filter: $_0, first: $_1, after: $_2, last: $_3, before: $_4) {
    edges {
      cursor
      node {
        amount
        blockCreated
        assetId
        utxoId
        maturity
        owner
        status
      }
    }
    pageInfo {
      endCursor
      hasNextPage
      hasPreviousPage
      startCursor
    }
  }
}

