---
source: fuel-client/src/client/schema/coin.rs
assertion_line: 155
expression: operation.query

---
query Query($_0: CoinFilterInput!, $_1: String, $_2: String, $_3: Int, $_4: Int) {
  coins(filter: $_0, after: $_1, before: $_2, first: $_3, last: $_4) {
    edges {
      cursor
      node {
        amount
        blockCreated
        assetId
        utxoId
        maturity
        owner
        status
      }
    }
    pageInfo {
      endCursor
      hasNextPage
      hasPreviousPage
      startCursor
    }
  }
}

