---
source: fuel-client/src/client/schema/tx.rs
assertion_line: 273
expression: operation.query

---
query Query($_0: HexString256!) {
  transaction(id: $_0) {
    rawPayload
    receipts {
      rawPayload
    }
    status {
      __typename
      ... on SubmittedStatus {
        time
      }
      ... on SuccessStatus {
        blockId
        time
        programState {
          returnType
          data
        }
      }
      ... on FailureStatus {
        blockId
        time
        reason
        programState {
          returnType
          data
        }
      }
    }
  }
}

