---
source: fuel-client/src/client/schema/tx.rs
expression: query.query
---
mutation Mutation($_0: HexString!, $_1: Boolean) {
  dryRun(tx: $_0, utxoValidation: $_1) {
    param1
    param2
    amount
    assetId
    gas
    digest
    contract {
      id
    }
    is
    pc
    ptr
    ra
    rb
    rc
    rd
    reason
    receiptType
    to {
      id
    }
    toAddress
    val
    len
    result
    gasUsed
    data
    messageId
    sender
    recipient
    nonce
    contractId
  }
}

